Paired shortcode call with filter:
<pre class="code-block"><code class="lang-text">
	This is some plaintext.
</code></pre>

Paired shortcode call with argument and filter:
<pre class="code-block"><code class="lang-html">
	<H1>WHO PUTS TAGS IN ALL UPPERCASE ANYWAY?</H1>
</code></pre>

Paired shortcode call with page data and filter:

	<P>THIS IS A PARAGRAPH</P>
	<P>AND THIS IS ANOTHER ONE</P>
	<P>ONE MORE FOR LUCK</P>

<span class="url">/shortcodes/paired-filters/</span>
