
Local Key:
<h1>Basic Page</h1>
<p>This is a standalone page.</p>

Directory Data:
<p>it's awesome!!</p>

Built-ins:
<p>Built with eleventy-plugin-vento</p>

Global Data:
<p>/data-handling/static/</p>

Global Data Function:
<p>Type of args[0]: 'bigint'<br>
Type of args[1]: 'boolean'<br>
Type of args[2]: 'function'<br>
Type of args[3]: 'number'<br>
Type of args[4]: 'object'<br>
Type of args[5]: 'string'<br>
Type of args[6]: 'symbol'<br>
Type of args[7]: 'undefined'</p>
